0,0 H aa
1,2 V aa
1,0 V bb
1,1 V bb
1,0 H bb
2,0 H bb
0,1 D aa
1,0 D bb
