0,0 H aa
0,1 H aa
1,0 H aa
1,1 H aa
2,0 H aa
2,1 H aa
0,0 V aa
0,1 V aa
0,2 V aa
1,0 V aa
1,1 V aa
1,2 V aa
