0,0 H a
0,0 V a
0,0 D a
0,1 H a
0,1 V a
0,1 D a
0,2 H a
0,2 V a
0,2 D a
