0,0 H aa
1,2 V aa
0,1 D aa
1,2 D aa
2,2 D aa
2,0 D aa
2,0 V aa
2,2 H aa
0,2 D bb
1,0 D bb
1,0 H bb
2,1 D bb
1,1 V bb
